../Core/Src/main.c:75:6:HAL_GPIO_EXTI_Callback	16	static
../Core/Src/main.c:83:6:blink_led	24	static
../Core/Src/main.c:91:6:wait_user	8	static
../Core/Src/main.c:103:6:HAL_ADC_ConvCpltCallback	16	static
../Core/Src/main.c:112:10:clip	24	static
../Core/Src/main.c:128:6:PWM_setCombinedValue	24	static
../Core/Src/main.c:145:7:ADC_to_rad	16	static
../Core/Src/main.c:149:7:trapezoid_area	16	static
../Core/Src/main.c:153:7:f_to_pwm_rigth	24	static
../Core/Src/main.c:157:7:f_to_pwm_left	24	static
../Core/Src/main.c:161:6:set_route_struct	32	static
../Core/Src/main.c:185:7:route_planner	24	static
../Core/Src/main.c:234:5:main	128	static
../Core/Src/main.c:369:6:SystemClock_Config	88	static
../Core/Src/main.c:416:13:MX_ADC1_Init	24	static
../Core/Src/main.c:468:13:MX_TIM3_Init	64	static
../Core/Src/main.c:531:13:MX_USART2_UART_Init	8	static
../Core/Src/main.c:564:13:MX_GPIO_Init	48	static
../Core/Src/main.c:604:6:Error_Handler	4	static,ignoring_inline_asm
